MSBuild version 17.7.1+971bf70db for .NET
  Determining projects to restore...
  All projects are up-to-date for restore.
C:\Program Files\dotnet\sdk\7.0.400\Microsoft.Common.CurrentVersion.targets(2364,5): warning MSB3277: Found conflicts between different versions of "System.Linq.Async" that could not be resolved. [C:\Users\Matt\Documents\GitHub\PZServerDiscordBot\src\PZServerDiscordBot.csproj]
C:\Program Files\dotnet\sdk\7.0.400\Microsoft.Common.CurrentVersion.targets(2364,5): warning MSB3277: There was a conflict between "System.Linq.Async, Version=5.0.0.0, Culture=neutral, PublicKeyToken=94bc3704cddfc263" and "System.Linq.Async, Version=6.0.0.0, Culture=neutral, PublicKeyToken=94bc3704cddfc263". [C:\Users\Matt\Documents\GitHub\PZServerDiscordBot\src\PZServerDiscordBot.csproj]
C:\Program Files\dotnet\sdk\7.0.400\Microsoft.Common.CurrentVersion.targets(2364,5): warning MSB3277:     "System.Linq.Async, Version=5.0.0.0, Culture=neutral, PublicKeyToken=94bc3704cddfc263" was chosen because it was primary and "System.Linq.Async, Version=6.0.0.0, Culture=neutral, PublicKeyToken=94bc3704cddfc263" was not. [C:\Users\Matt\Documents\GitHub\PZServerDiscordBot\src\PZServerDiscordBot.csproj]
C:\Program Files\dotnet\sdk\7.0.400\Microsoft.Common.CurrentVersion.targets(2364,5): warning MSB3277:     References which depend on "System.Linq.Async, Version=5.0.0.0, Culture=neutral, PublicKeyToken=94bc3704cddfc263" [C:\Users\Matt\.nuget\packages\system.linq.async\5.0.0\ref\net461\System.Linq.Async.dll]. [C:\Users\Matt\Documents\GitHub\PZServerDiscordBot\src\PZServerDiscordBot.csproj]
C:\Program Files\dotnet\sdk\7.0.400\Microsoft.Common.CurrentVersion.targets(2364,5): warning MSB3277:         C:\Users\Matt\.nuget\packages\system.linq.async\5.0.0\ref\net461\System.Linq.Async.dll [C:\Users\Matt\Documents\GitHub\PZServerDiscordBot\src\PZServerDiscordBot.csproj]
C:\Program Files\dotnet\sdk\7.0.400\Microsoft.Common.CurrentVersion.targets(2364,5): warning MSB3277:           Project file item includes which caused reference "C:\Users\Matt\.nuget\packages\system.linq.async\5.0.0\ref\net461\System.Linq.Async.dll". [C:\Users\Matt\Documents\GitHub\PZServerDiscordBot\src\PZServerDiscordBot.csproj]
C:\Program Files\dotnet\sdk\7.0.400\Microsoft.Common.CurrentVersion.targets(2364,5): warning MSB3277:             C:\Users\Matt\.nuget\packages\system.linq.async\5.0.0\ref\net461\System.Linq.Async.dll [C:\Users\Matt\Documents\GitHub\PZServerDiscordBot\src\PZServerDiscordBot.csproj]
C:\Program Files\dotnet\sdk\7.0.400\Microsoft.Common.CurrentVersion.targets(2364,5): warning MSB3277:     References which depend on "System.Linq.Async, Version=6.0.0.0, Culture=neutral, PublicKeyToken=94bc3704cddfc263" []. [C:\Users\Matt\Documents\GitHub\PZServerDiscordBot\src\PZServerDiscordBot.csproj]
C:\Program Files\dotnet\sdk\7.0.400\Microsoft.Common.CurrentVersion.targets(2364,5): warning MSB3277:         C:\Users\Matt\.nuget\packages\discord.net.commands\3.8.1\lib\net461\Discord.Net.Commands.dll [C:\Users\Matt\Documents\GitHub\PZServerDiscordBot\src\PZServerDiscordBot.csproj]
C:\Program Files\dotnet\sdk\7.0.400\Microsoft.Common.CurrentVersion.targets(2364,5): warning MSB3277:           Project file item includes which caused reference "C:\Users\Matt\.nuget\packages\discord.net.commands\3.8.1\lib\net461\Discord.Net.Commands.dll". [C:\Users\Matt\Documents\GitHub\PZServerDiscordBot\src\PZServerDiscordBot.csproj]
C:\Program Files\dotnet\sdk\7.0.400\Microsoft.Common.CurrentVersion.targets(2364,5): warning MSB3277:             C:\Users\Matt\.nuget\packages\discord.net.commands\3.8.1\lib\net461\Discord.Net.Commands.dll [C:\Users\Matt\Documents\GitHub\PZServerDiscordBot\src\PZServerDiscordBot.csproj]
C:\Program Files\dotnet\sdk\7.0.400\Microsoft.Common.CurrentVersion.targets(2364,5): warning MSB3277:         C:\Users\Matt\.nuget\packages\discord.net.core\3.8.1\lib\net461\Discord.Net.Core.dll [C:\Users\Matt\Documents\GitHub\PZServerDiscordBot\src\PZServerDiscordBot.csproj]
C:\Program Files\dotnet\sdk\7.0.400\Microsoft.Common.CurrentVersion.targets(2364,5): warning MSB3277:           Project file item includes which caused reference "C:\Users\Matt\.nuget\packages\discord.net.core\3.8.1\lib\net461\Discord.Net.Core.dll". [C:\Users\Matt\Documents\GitHub\PZServerDiscordBot\src\PZServerDiscordBot.csproj]
C:\Program Files\dotnet\sdk\7.0.400\Microsoft.Common.CurrentVersion.targets(2364,5): warning MSB3277:             C:\Users\Matt\.nuget\packages\discord.net.core\3.8.1\lib\net461\Discord.Net.Core.dll [C:\Users\Matt\Documents\GitHub\PZServerDiscordBot\src\PZServerDiscordBot.csproj]
C:\Program Files\dotnet\sdk\7.0.400\Microsoft.Common.CurrentVersion.targets(2364,5): warning MSB3277:             C:\Users\Matt\.nuget\packages\discord.net.commands\3.8.1\lib\net461\Discord.Net.Commands.dll [C:\Users\Matt\Documents\GitHub\PZServerDiscordBot\src\PZServerDiscordBot.csproj]
C:\Program Files\dotnet\sdk\7.0.400\Microsoft.Common.CurrentVersion.targets(2364,5): warning MSB3277:             C:\Users\Matt\.nuget\packages\discord.net.interactions\3.8.1\lib\net461\Discord.Net.Interactions.dll [C:\Users\Matt\Documents\GitHub\PZServerDiscordBot\src\PZServerDiscordBot.csproj]
C:\Program Files\dotnet\sdk\7.0.400\Microsoft.Common.CurrentVersion.targets(2364,5): warning MSB3277:             C:\Users\Matt\.nuget\packages\discord.net.rest\3.8.1\lib\net461\Discord.Net.Rest.dll [C:\Users\Matt\Documents\GitHub\PZServerDiscordBot\src\PZServerDiscordBot.csproj]
C:\Program Files\dotnet\sdk\7.0.400\Microsoft.Common.CurrentVersion.targets(2364,5): warning MSB3277:             C:\Users\Matt\.nuget\packages\discord.net.webhook\3.8.1\lib\netstandard2.0\Discord.Net.Webhook.dll [C:\Users\Matt\Documents\GitHub\PZServerDiscordBot\src\PZServerDiscordBot.csproj]
C:\Program Files\dotnet\sdk\7.0.400\Microsoft.Common.CurrentVersion.targets(2364,5): warning MSB3277:             C:\Users\Matt\.nuget\packages\discord.net.websocket\3.8.1\lib\net461\Discord.Net.WebSocket.dll [C:\Users\Matt\Documents\GitHub\PZServerDiscordBot\src\PZServerDiscordBot.csproj]
C:\Program Files\dotnet\sdk\7.0.400\Microsoft.Common.CurrentVersion.targets(2364,5): warning MSB3277:         C:\Users\Matt\.nuget\packages\discord.net.rest\3.8.1\lib\net461\Discord.Net.Rest.dll [C:\Users\Matt\Documents\GitHub\PZServerDiscordBot\src\PZServerDiscordBot.csproj]
C:\Program Files\dotnet\sdk\7.0.400\Microsoft.Common.CurrentVersion.targets(2364,5): warning MSB3277:           Project file item includes which caused reference "C:\Users\Matt\.nuget\packages\discord.net.rest\3.8.1\lib\net461\Discord.Net.Rest.dll". [C:\Users\Matt\Documents\GitHub\PZServerDiscordBot\src\PZServerDiscordBot.csproj]
C:\Program Files\dotnet\sdk\7.0.400\Microsoft.Common.CurrentVersion.targets(2364,5): warning MSB3277:             C:\Users\Matt\.nuget\packages\discord.net.rest\3.8.1\lib\net461\Discord.Net.Rest.dll [C:\Users\Matt\Documents\GitHub\PZServerDiscordBot\src\PZServerDiscordBot.csproj]
C:\Program Files\dotnet\sdk\7.0.400\Microsoft.Common.CurrentVersion.targets(2364,5): warning MSB3277:             C:\Users\Matt\.nuget\packages\discord.net.interactions\3.8.1\lib\net461\Discord.Net.Interactions.dll [C:\Users\Matt\Documents\GitHub\PZServerDiscordBot\src\PZServerDiscordBot.csproj]
C:\Program Files\dotnet\sdk\7.0.400\Microsoft.Common.CurrentVersion.targets(2364,5): warning MSB3277:             C:\Users\Matt\.nuget\packages\discord.net.webhook\3.8.1\lib\netstandard2.0\Discord.Net.Webhook.dll [C:\Users\Matt\Documents\GitHub\PZServerDiscordBot\src\PZServerDiscordBot.csproj]
C:\Program Files\dotnet\sdk\7.0.400\Microsoft.Common.CurrentVersion.targets(2364,5): warning MSB3277:             C:\Users\Matt\.nuget\packages\discord.net.websocket\3.8.1\lib\net461\Discord.Net.WebSocket.dll [C:\Users\Matt\Documents\GitHub\PZServerDiscordBot\src\PZServerDiscordBot.csproj]
C:\Program Files\dotnet\sdk\7.0.400\Microsoft.Common.CurrentVersion.targets(2364,5): warning MSB3277:         C:\Users\Matt\.nuget\packages\discord.net.websocket\3.8.1\lib\net461\Discord.Net.WebSocket.dll [C:\Users\Matt\Documents\GitHub\PZServerDiscordBot\src\PZServerDiscordBot.csproj]
C:\Program Files\dotnet\sdk\7.0.400\Microsoft.Common.CurrentVersion.targets(2364,5): warning MSB3277:           Project file item includes which caused reference "C:\Users\Matt\.nuget\packages\discord.net.websocket\3.8.1\lib\net461\Discord.Net.WebSocket.dll". [C:\Users\Matt\Documents\GitHub\PZServerDiscordBot\src\PZServerDiscordBot.csproj]
C:\Program Files\dotnet\sdk\7.0.400\Microsoft.Common.CurrentVersion.targets(2364,5): warning MSB3277:             C:\Users\Matt\.nuget\packages\discord.net.websocket\3.8.1\lib\net461\Discord.Net.WebSocket.dll [C:\Users\Matt\Documents\GitHub\PZServerDiscordBot\src\PZServerDiscordBot.csproj]
C:\Program Files\dotnet\sdk\7.0.400\Microsoft.Common.CurrentVersion.targets(2364,5): warning MSB3277:             C:\Users\Matt\.nuget\packages\discord.net.interactions\3.8.1\lib\net461\Discord.Net.Interactions.dll [C:\Users\Matt\Documents\GitHub\PZServerDiscordBot\src\PZServerDiscordBot.csproj]
C:\Program Files\dotnet\sdk\7.0.400\Microsoft.Common.CurrentVersion.targets(2364,5): warning MSB3277:         C:\Users\Matt\.nuget\packages\system.interactive.async\5.0.0\lib\net461\System.Interactive.Async.dll [C:\Users\Matt\Documents\GitHub\PZServerDiscordBot\src\PZServerDiscordBot.csproj]
C:\Program Files\dotnet\sdk\7.0.400\Microsoft.Common.CurrentVersion.targets(2364,5): warning MSB3277:           Project file item includes which caused reference "C:\Users\Matt\.nuget\packages\system.interactive.async\5.0.0\lib\net461\System.Interactive.Async.dll". [C:\Users\Matt\Documents\GitHub\PZServerDiscordBot\src\PZServerDiscordBot.csproj]
C:\Program Files\dotnet\sdk\7.0.400\Microsoft.Common.CurrentVersion.targets(2364,5): warning MSB3277:             C:\Users\Matt\.nuget\packages\system.interactive.async\5.0.0\lib\net461\System.Interactive.Async.dll [C:\Users\Matt\Documents\GitHub\PZServerDiscordBot\src\PZServerDiscordBot.csproj]
C:\Users\Matt\Documents\GitHub\PZServerDiscordBot\src\Program.cs(230,47): warning CS1998: This async method lacks 'await' operators and will run synchronously. Consider using the 'await' operator to await non-blocking API calls, or 'await Task.Run(...)' to do CPU-bound work on a background thread. [C:\Users\Matt\Documents\GitHub\PZServerDiscordBot\src\PZServerDiscordBot.csproj]
MSBUILD : warning : Fody: No configuration entry found for the installed weaver Costura. This weaver will be skipped. You may want to add this weaver to your FodyWeavers.xml [C:\Users\Matt\Documents\GitHub\PZServerDiscordBot\src\PZServerDiscordBot.csproj]
  PZServerDiscordBot -> C:\Users\Matt\Documents\GitHub\PZServerDiscordBot\src\bin\Release\net4.7.2\PZServerDiscordBot.exe

Build succeeded.

C:\Program Files\dotnet\sdk\7.0.400\Microsoft.Common.CurrentVersion.targets(2364,5): warning MSB3277: Found conflicts between different versions of "System.Linq.Async" that could not be resolved. [C:\Users\Matt\Documents\GitHub\PZServerDiscordBot\src\PZServerDiscordBot.csproj]
C:\Program Files\dotnet\sdk\7.0.400\Microsoft.Common.CurrentVersion.targets(2364,5): warning MSB3277: There was a conflict between "System.Linq.Async, Version=5.0.0.0, Culture=neutral, PublicKeyToken=94bc3704cddfc263" and "System.Linq.Async, Version=6.0.0.0, Culture=neutral, PublicKeyToken=94bc3704cddfc263". [C:\Users\Matt\Documents\GitHub\PZServerDiscordBot\src\PZServerDiscordBot.csproj]
C:\Program Files\dotnet\sdk\7.0.400\Microsoft.Common.CurrentVersion.targets(2364,5): warning MSB3277:     "System.Linq.Async, Version=5.0.0.0, Culture=neutral, PublicKeyToken=94bc3704cddfc263" was chosen because it was primary and "System.Linq.Async, Version=6.0.0.0, Culture=neutral, PublicKeyToken=94bc3704cddfc263" was not. [C:\Users\Matt\Documents\GitHub\PZServerDiscordBot\src\PZServerDiscordBot.csproj]
C:\Program Files\dotnet\sdk\7.0.400\Microsoft.Common.CurrentVersion.targets(2364,5): warning MSB3277:     References which depend on "System.Linq.Async, Version=5.0.0.0, Culture=neutral, PublicKeyToken=94bc3704cddfc263" [C:\Users\Matt\.nuget\packages\system.linq.async\5.0.0\ref\net461\System.Linq.Async.dll]. [C:\Users\Matt\Documents\GitHub\PZServerDiscordBot\src\PZServerDiscordBot.csproj]
C:\Program Files\dotnet\sdk\7.0.400\Microsoft.Common.CurrentVersion.targets(2364,5): warning MSB3277:         C:\Users\Matt\.nuget\packages\system.linq.async\5.0.0\ref\net461\System.Linq.Async.dll [C:\Users\Matt\Documents\GitHub\PZServerDiscordBot\src\PZServerDiscordBot.csproj]
C:\Program Files\dotnet\sdk\7.0.400\Microsoft.Common.CurrentVersion.targets(2364,5): warning MSB3277:           Project file item includes which caused reference "C:\Users\Matt\.nuget\packages\system.linq.async\5.0.0\ref\net461\System.Linq.Async.dll". [C:\Users\Matt\Documents\GitHub\PZServerDiscordBot\src\PZServerDiscordBot.csproj]
C:\Program Files\dotnet\sdk\7.0.400\Microsoft.Common.CurrentVersion.targets(2364,5): warning MSB3277:             C:\Users\Matt\.nuget\packages\system.linq.async\5.0.0\ref\net461\System.Linq.Async.dll [C:\Users\Matt\Documents\GitHub\PZServerDiscordBot\src\PZServerDiscordBot.csproj]
C:\Program Files\dotnet\sdk\7.0.400\Microsoft.Common.CurrentVersion.targets(2364,5): warning MSB3277:     References which depend on "System.Linq.Async, Version=6.0.0.0, Culture=neutral, PublicKeyToken=94bc3704cddfc263" []. [C:\Users\Matt\Documents\GitHub\PZServerDiscordBot\src\PZServerDiscordBot.csproj]
C:\Program Files\dotnet\sdk\7.0.400\Microsoft.Common.CurrentVersion.targets(2364,5): warning MSB3277:         C:\Users\Matt\.nuget\packages\discord.net.commands\3.8.1\lib\net461\Discord.Net.Commands.dll [C:\Users\Matt\Documents\GitHub\PZServerDiscordBot\src\PZServerDiscordBot.csproj]
C:\Program Files\dotnet\sdk\7.0.400\Microsoft.Common.CurrentVersion.targets(2364,5): warning MSB3277:           Project file item includes which caused reference "C:\Users\Matt\.nuget\packages\discord.net.commands\3.8.1\lib\net461\Discord.Net.Commands.dll". [C:\Users\Matt\Documents\GitHub\PZServerDiscordBot\src\PZServerDiscordBot.csproj]
C:\Program Files\dotnet\sdk\7.0.400\Microsoft.Common.CurrentVersion.targets(2364,5): warning MSB3277:             C:\Users\Matt\.nuget\packages\discord.net.commands\3.8.1\lib\net461\Discord.Net.Commands.dll [C:\Users\Matt\Documents\GitHub\PZServerDiscordBot\src\PZServerDiscordBot.csproj]
C:\Program Files\dotnet\sdk\7.0.400\Microsoft.Common.CurrentVersion.targets(2364,5): warning MSB3277:         C:\Users\Matt\.nuget\packages\discord.net.core\3.8.1\lib\net461\Discord.Net.Core.dll [C:\Users\Matt\Documents\GitHub\PZServerDiscordBot\src\PZServerDiscordBot.csproj]
C:\Program Files\dotnet\sdk\7.0.400\Microsoft.Common.CurrentVersion.targets(2364,5): warning MSB3277:           Project file item includes which caused reference "C:\Users\Matt\.nuget\packages\discord.net.core\3.8.1\lib\net461\Discord.Net.Core.dll". [C:\Users\Matt\Documents\GitHub\PZServerDiscordBot\src\PZServerDiscordBot.csproj]
C:\Program Files\dotnet\sdk\7.0.400\Microsoft.Common.CurrentVersion.targets(2364,5): warning MSB3277:             C:\Users\Matt\.nuget\packages\discord.net.core\3.8.1\lib\net461\Discord.Net.Core.dll [C:\Users\Matt\Documents\GitHub\PZServerDiscordBot\src\PZServerDiscordBot.csproj]
C:\Program Files\dotnet\sdk\7.0.400\Microsoft.Common.CurrentVersion.targets(2364,5): warning MSB3277:             C:\Users\Matt\.nuget\packages\discord.net.commands\3.8.1\lib\net461\Discord.Net.Commands.dll [C:\Users\Matt\Documents\GitHub\PZServerDiscordBot\src\PZServerDiscordBot.csproj]
C:\Program Files\dotnet\sdk\7.0.400\Microsoft.Common.CurrentVersion.targets(2364,5): warning MSB3277:             C:\Users\Matt\.nuget\packages\discord.net.interactions\3.8.1\lib\net461\Discord.Net.Interactions.dll [C:\Users\Matt\Documents\GitHub\PZServerDiscordBot\src\PZServerDiscordBot.csproj]
C:\Program Files\dotnet\sdk\7.0.400\Microsoft.Common.CurrentVersion.targets(2364,5): warning MSB3277:             C:\Users\Matt\.nuget\packages\discord.net.rest\3.8.1\lib\net461\Discord.Net.Rest.dll [C:\Users\Matt\Documents\GitHub\PZServerDiscordBot\src\PZServerDiscordBot.csproj]
C:\Program Files\dotnet\sdk\7.0.400\Microsoft.Common.CurrentVersion.targets(2364,5): warning MSB3277:             C:\Users\Matt\.nuget\packages\discord.net.webhook\3.8.1\lib\netstandard2.0\Discord.Net.Webhook.dll [C:\Users\Matt\Documents\GitHub\PZServerDiscordBot\src\PZServerDiscordBot.csproj]
C:\Program Files\dotnet\sdk\7.0.400\Microsoft.Common.CurrentVersion.targets(2364,5): warning MSB3277:             C:\Users\Matt\.nuget\packages\discord.net.websocket\3.8.1\lib\net461\Discord.Net.WebSocket.dll [C:\Users\Matt\Documents\GitHub\PZServerDiscordBot\src\PZServerDiscordBot.csproj]
C:\Program Files\dotnet\sdk\7.0.400\Microsoft.Common.CurrentVersion.targets(2364,5): warning MSB3277:         C:\Users\Matt\.nuget\packages\discord.net.rest\3.8.1\lib\net461\Discord.Net.Rest.dll [C:\Users\Matt\Documents\GitHub\PZServerDiscordBot\src\PZServerDiscordBot.csproj]
C:\Program Files\dotnet\sdk\7.0.400\Microsoft.Common.CurrentVersion.targets(2364,5): warning MSB3277:           Project file item includes which caused reference "C:\Users\Matt\.nuget\packages\discord.net.rest\3.8.1\lib\net461\Discord.Net.Rest.dll". [C:\Users\Matt\Documents\GitHub\PZServerDiscordBot\src\PZServerDiscordBot.csproj]
C:\Program Files\dotnet\sdk\7.0.400\Microsoft.Common.CurrentVersion.targets(2364,5): warning MSB3277:             C:\Users\Matt\.nuget\packages\discord.net.rest\3.8.1\lib\net461\Discord.Net.Rest.dll [C:\Users\Matt\Documents\GitHub\PZServerDiscordBot\src\PZServerDiscordBot.csproj]
C:\Program Files\dotnet\sdk\7.0.400\Microsoft.Common.CurrentVersion.targets(2364,5): warning MSB3277:             C:\Users\Matt\.nuget\packages\discord.net.interactions\3.8.1\lib\net461\Discord.Net.Interactions.dll [C:\Users\Matt\Documents\GitHub\PZServerDiscordBot\src\PZServerDiscordBot.csproj]
C:\Program Files\dotnet\sdk\7.0.400\Microsoft.Common.CurrentVersion.targets(2364,5): warning MSB3277:             C:\Users\Matt\.nuget\packages\discord.net.webhook\3.8.1\lib\netstandard2.0\Discord.Net.Webhook.dll [C:\Users\Matt\Documents\GitHub\PZServerDiscordBot\src\PZServerDiscordBot.csproj]
C:\Program Files\dotnet\sdk\7.0.400\Microsoft.Common.CurrentVersion.targets(2364,5): warning MSB3277:             C:\Users\Matt\.nuget\packages\discord.net.websocket\3.8.1\lib\net461\Discord.Net.WebSocket.dll [C:\Users\Matt\Documents\GitHub\PZServerDiscordBot\src\PZServerDiscordBot.csproj]
C:\Program Files\dotnet\sdk\7.0.400\Microsoft.Common.CurrentVersion.targets(2364,5): warning MSB3277:         C:\Users\Matt\.nuget\packages\discord.net.websocket\3.8.1\lib\net461\Discord.Net.WebSocket.dll [C:\Users\Matt\Documents\GitHub\PZServerDiscordBot\src\PZServerDiscordBot.csproj]
C:\Program Files\dotnet\sdk\7.0.400\Microsoft.Common.CurrentVersion.targets(2364,5): warning MSB3277:           Project file item includes which caused reference "C:\Users\Matt\.nuget\packages\discord.net.websocket\3.8.1\lib\net461\Discord.Net.WebSocket.dll". [C:\Users\Matt\Documents\GitHub\PZServerDiscordBot\src\PZServerDiscordBot.csproj]
C:\Program Files\dotnet\sdk\7.0.400\Microsoft.Common.CurrentVersion.targets(2364,5): warning MSB3277:             C:\Users\Matt\.nuget\packages\discord.net.websocket\3.8.1\lib\net461\Discord.Net.WebSocket.dll [C:\Users\Matt\Documents\GitHub\PZServerDiscordBot\src\PZServerDiscordBot.csproj]
C:\Program Files\dotnet\sdk\7.0.400\Microsoft.Common.CurrentVersion.targets(2364,5): warning MSB3277:             C:\Users\Matt\.nuget\packages\discord.net.interactions\3.8.1\lib\net461\Discord.Net.Interactions.dll [C:\Users\Matt\Documents\GitHub\PZServerDiscordBot\src\PZServerDiscordBot.csproj]
C:\Program Files\dotnet\sdk\7.0.400\Microsoft.Common.CurrentVersion.targets(2364,5): warning MSB3277:         C:\Users\Matt\.nuget\packages\system.interactive.async\5.0.0\lib\net461\System.Interactive.Async.dll [C:\Users\Matt\Documents\GitHub\PZServerDiscordBot\src\PZServerDiscordBot.csproj]
C:\Program Files\dotnet\sdk\7.0.400\Microsoft.Common.CurrentVersion.targets(2364,5): warning MSB3277:           Project file item includes which caused reference "C:\Users\Matt\.nuget\packages\system.interactive.async\5.0.0\lib\net461\System.Interactive.Async.dll". [C:\Users\Matt\Documents\GitHub\PZServerDiscordBot\src\PZServerDiscordBot.csproj]
C:\Program Files\dotnet\sdk\7.0.400\Microsoft.Common.CurrentVersion.targets(2364,5): warning MSB3277:             C:\Users\Matt\.nuget\packages\system.interactive.async\5.0.0\lib\net461\System.Interactive.Async.dll [C:\Users\Matt\Documents\GitHub\PZServerDiscordBot\src\PZServerDiscordBot.csproj]
C:\Users\Matt\Documents\GitHub\PZServerDiscordBot\src\Program.cs(230,47): warning CS1998: This async method lacks 'await' operators and will run synchronously. Consider using the 'await' operator to await non-blocking API calls, or 'await Task.Run(...)' to do CPU-bound work on a background thread. [C:\Users\Matt\Documents\GitHub\PZServerDiscordBot\src\PZServerDiscordBot.csproj]
MSBUILD : warning : Fody: No configuration entry found for the installed weaver Costura. This weaver will be skipped. You may want to add this weaver to your FodyWeavers.xml [C:\Users\Matt\Documents\GitHub\PZServerDiscordBot\src\PZServerDiscordBot.csproj]
    3 Warning(s)
    0 Error(s)

Time Elapsed 00:00:01.12
